2025-01-13 08:45:58 14808 [Note] Plugin 'FEDERATED' is disabled.
2025-01-13 08:45:58 14808 [Note] InnoDB: Using atomics to ref count buffer pool pages
2025-01-13 08:45:58 14808 [Note] InnoDB: The InnoDB memory heap is disabled
2025-01-13 08:45:58 14808 [Note] InnoDB: Mutexes and rw_locks use Windows interlocked functions
2025-01-13 08:45:58 14808 [Note] InnoDB: Memory barrier is not used
2025-01-13 08:45:58 14808 [Note] InnoDB: Compressed tables use zlib 1.2.3
2025-01-13 08:45:58 14808 [Note] InnoDB: Not using CPU crc32 instructions
2025-01-13 08:45:58 14808 [Note] InnoDB: Initializing buffer pool, size = 32.0M
2025-01-13 08:45:58 14808 [Note] InnoDB: Completed initialization of buffer pool
2025-01-13 08:45:58 14808 [Note] InnoDB: Highest supported file format is Barracuda.
2025-01-13 08:45:59 14808 [Note] InnoDB: 128 rollback segment(s) are active.
2025-01-13 08:45:59 14808 [Note] InnoDB: Waiting for purge to start
2025-01-13 08:45:59 14808 [Note] InnoDB: 5.6.35 started; log sequence number 1771182
2025-01-13 08:45:59 14808 [Warning] No existing UUID has been found, so we assume that this is the first time that this server has been started. Generating a new UUID: 23613506-d150-11ef-97c0-d065887bd1a4.
2025-01-13 08:45:59 14808 [Note] Server hostname (bind-address): '127.0.0.1'; port: 3306
2025-01-13 08:45:59 14808 [Note]   - '127.0.0.1' resolves to '127.0.0.1';
2025-01-13 08:45:59 14808 [Note] Server socket created on IP: '127.0.0.1'.
2025-01-13 08:46:01 14808 [Note] Event Scheduler: Loaded 0 events
2025-01-13 08:46:01 14808 [Note] Execution of init_file 'C:\Users\akk1to\Documents\nodejs-projects\JUDGER\core\mysql\bin\mysql-init.txt' started.
2025-01-13 08:46:01 14808 [Note] Execution of init_file 'C:\Users\akk1to\Documents\nodejs-projects\JUDGER\core\mysql\bin\mysql-init.txt' ended.
2025-01-13 08:46:01 14808 [Note] C:\Users\akk1to\Documents\nodejs-projects\JUDGER\core\mysql\bin\mysqld_z.exe: ready for connections.
Version: '5.6.35'  socket: ''  port: 3306  MySQL Community Server (GPL)
2025-01-13 08:46:09 20644 [Note] Plugin 'FEDERATED' is disabled.
2025-01-13 08:46:09 20644 [Note] InnoDB: Using atomics to ref count buffer pool pages
2025-01-13 08:46:09 20644 [Note] InnoDB: The InnoDB memory heap is disabled
2025-01-13 08:46:09 20644 [Note] InnoDB: Mutexes and rw_locks use Windows interlocked functions
2025-01-13 08:46:09 20644 [Note] InnoDB: Memory barrier is not used
2025-01-13 08:46:09 20644 [Note] InnoDB: Compressed tables use zlib 1.2.3
2025-01-13 08:46:09 20644 [Note] InnoDB: Not using CPU crc32 instructions
2025-01-13 08:46:09 20644 [Note] InnoDB: Initializing buffer pool, size = 32.0M
2025-01-13 08:46:09 20644 [Note] InnoDB: Completed initialization of buffer pool
2025-01-13 08:46:09 20644 [Note] InnoDB: Highest supported file format is Barracuda.
2025-01-13 08:46:09 20644 [Note] InnoDB: Log scan progressed past the checkpoint lsn 1771182
2025-01-13 08:46:09 20644 [Note] InnoDB: Database was not shutdown normally!
2025-01-13 08:46:09 20644 [Note] InnoDB: Starting crash recovery.
2025-01-13 08:46:09 20644 [Note] InnoDB: Reading tablespace information from the .ibd files...
2025-01-13 08:46:09 20644 [Note] InnoDB: Restoring possible half-written data pages 
2025-01-13 08:46:09 20644 [Note] InnoDB: from the doublewrite buffer...
InnoDB: Doing recovery: scanned up to log sequence number 1771192
2025-01-13 08:46:09 20644 [Note] InnoDB: 128 rollback segment(s) are active.
2025-01-13 08:46:09 20644 [Note] InnoDB: Waiting for purge to start
2025-01-13 08:46:09 20644 [Note] InnoDB: 5.6.35 started; log sequence number 1771192
2025-01-13 08:46:09 20644 [Note] Server hostname (bind-address): '127.0.0.1'; port: 3306
2025-01-13 08:46:09 20644 [Note]   - '127.0.0.1' resolves to '127.0.0.1';
2025-01-13 08:46:09 20644 [Note] Server socket created on IP: '127.0.0.1'.
2025-01-13 08:46:09 20644 [Note] Event Scheduler: Loaded 0 events
2025-01-13 08:46:09 20644 [Note] C:\Users\akk1to\Documents\nodejs-projects\JUDGER\core\mysql\bin\mysqld_z.exe: ready for connections.
Version: '5.6.35'  socket: ''  port: 3306  MySQL Community Server (GPL)
2025-01-13 08:51:33 20644 [Note] C:\Users\akk1to\Documents\nodejs-projects\JUDGER\core\mysql\bin\mysqld_z.exe: Normal shutdown

2025-01-13 08:51:33 20644 [Note] Giving 0 client threads a chance to die gracefully
2025-01-13 08:51:33 20644 [Note] Event Scheduler: Purging the queue. 0 events
2025-01-13 08:51:33 20644 [Note] Shutting down slave threads
2025-01-13 08:51:33 20644 [Note] Forcefully disconnecting 0 remaining clients
2025-01-13 08:51:33 20644 [Note] Binlog end
2025-01-13 08:51:34 20644 [Note] Shutting down plugin 'partition'
2025-01-13 08:51:34 20644 [Note] Shutting down plugin 'PERFORMANCE_SCHEMA'
2025-01-13 08:51:34 20644 [Note] Shutting down plugin 'INNODB_SYS_DATAFILES'
2025-01-13 08:51:34 20644 [Note] Shutting down plugin 'INNODB_SYS_TABLESPACES'
2025-01-13 08:51:34 20644 [Note] Shutting down plugin 'INNODB_SYS_FOREIGN_COLS'
2025-01-13 08:51:34 20644 [Note] Shutting down plugin 'INNODB_SYS_FOREIGN'
2025-01-13 08:51:34 20644 [Note] Shutting down plugin 'INNODB_SYS_FIELDS'
2025-01-13 08:51:34 20644 [Note] Shutting down plugin 'INNODB_SYS_COLUMNS'
2025-01-13 08:51:34 20644 [Note] Shutting down plugin 'INNODB_SYS_INDEXES'
2025-01-13 08:51:34 20644 [Note] Shutting down plugin 'INNODB_SYS_TABLESTATS'
2025-01-13 08:51:34 20644 [Note] Shutting down plugin 'INNODB_SYS_TABLES'
2025-01-13 08:51:34 20644 [Note] Shutting down plugin 'INNODB_FT_INDEX_TABLE'
2025-01-13 08:51:34 20644 [Note] Shutting down plugin 'INNODB_FT_INDEX_CACHE'
2025-01-13 08:51:34 20644 [Note] Shutting down plugin 'INNODB_FT_CONFIG'
2025-01-13 08:51:34 20644 [Note] Shutting down plugin 'INNODB_FT_BEING_DELETED'
2025-01-13 08:51:34 20644 [Note] Shutting down plugin 'INNODB_FT_DELETED'
2025-01-13 08:51:34 20644 [Note] Shutting down plugin 'INNODB_FT_DEFAULT_STOPWORD'
2025-01-13 08:51:34 20644 [Note] Shutting down plugin 'INNODB_METRICS'
2025-01-13 08:51:34 20644 [Note] Shutting down plugin 'INNODB_BUFFER_POOL_STATS'
2025-01-13 08:51:34 20644 [Note] Shutting down plugin 'INNODB_BUFFER_PAGE_LRU'
2025-01-13 08:51:34 20644 [Note] Shutting down plugin 'INNODB_BUFFER_PAGE'
2025-01-13 08:51:34 20644 [Note] Shutting down plugin 'INNODB_CMP_PER_INDEX_RESET'
2025-01-13 08:51:34 20644 [Note] Shutting down plugin 'INNODB_CMP_PER_INDEX'
2025-01-13 08:51:34 20644 [Note] Shutting down plugin 'INNODB_CMPMEM_RESET'
2025-01-13 08:51:34 20644 [Note] Shutting down plugin 'INNODB_CMPMEM'
2025-01-13 08:51:34 20644 [Note] Shutting down plugin 'INNODB_CMP_RESET'
2025-01-13 08:51:34 20644 [Note] Shutting down plugin 'INNODB_CMP'
2025-01-13 08:51:34 20644 [Note] Shutting down plugin 'INNODB_LOCK_WAITS'
2025-01-13 08:51:34 20644 [Note] Shutting down plugin 'INNODB_LOCKS'
2025-01-13 08:51:34 20644 [Note] Shutting down plugin 'INNODB_TRX'
2025-01-13 08:51:34 20644 [Note] Shutting down plugin 'InnoDB'
2025-01-13 08:51:34 20644 [Note] InnoDB: FTS optimize thread exiting.
2025-01-13 08:51:34 20644 [Note] InnoDB: Starting shutdown...
2025-01-13 08:51:35 20644 [Note] InnoDB: Shutdown completed; log sequence number 1771202
2025-01-13 08:51:35 20644 [Note] Shutting down plugin 'BLACKHOLE'
2025-01-13 08:51:35 20644 [Note] Shutting down plugin 'ARCHIVE'
2025-01-13 08:51:35 20644 [Note] Shutting down plugin 'MRG_MYISAM'
2025-01-13 08:51:35 20644 [Note] Shutting down plugin 'MyISAM'
2025-01-13 08:51:35 20644 [Note] Shutting down plugin 'MEMORY'
2025-01-13 08:51:35 20644 [Note] Shutting down plugin 'CSV'
2025-01-13 08:51:35 20644 [Note] Shutting down plugin 'sha256_password'
2025-01-13 08:51:35 20644 [Note] Shutting down plugin 'mysql_old_password'
2025-01-13 08:51:35 20644 [Note] Shutting down plugin 'mysql_native_password'
2025-01-13 08:51:35 20644 [Note] Shutting down plugin 'binlog'
2025-01-13 08:51:35 20644 [Note] C:\Users\akk1to\Documents\nodejs-projects\JUDGER\core\mysql\bin\mysqld_z.exe: Shutdown complete

